AANBIEDIGEN VAN AH!
Aanbieding: AH Excellent cookie met chocolade-eitjes van de bakkerij.
Aanbieding text: Feestfavoriet .

Aanbieding: Alle Coca-Cola of Fanta 8-packs 250 ml.
Aanbieding text: voor 4.99.

Aanbieding: Coca-Cola en Fanta 250 ml.
Aanbieding text: 8 voor 4.99.
Oude Prijs: 8 stuks  6.80.
 Prijs nieuw: 4.99.

Aanbieding: Coca-Cola en Fanta 250 ml 4-pack.
Aanbieding text: 2 voor 4.99.

AANBIEDIGEN VAN JUMBO!
Aanbieding: Andrelon, Dove, Axe, Rexona.
Aanbieding text: Diverse soorten. 30% korting, 30% korting.

Aanbieding: Coca Cola Original en Fanta Orange.
Aanbieding text: Tray 24x330ml blik. 15% korting, 15% korting.

Aanbieding: Coca-Cola of Fanta.
Aanbieding text: Alle flessen à 1 liter. 1+1 gratis, 1+1 gratis.

Aanbieding: Chocolade paaseitjes.
Aanbieding text: Zakje 200 gram, 2 voor 5,00.
Oude Prijs:   .
 Prijs nieuw: 5.00.

Aanbieding: Chocolade paaseitjes.
Aanbieding text: Zakje 200 gram, 2 voor 5,00.
Oude Prijs:   .
 Prijs nieuw: 5.00.

Aanbieding: Chocolade paaseitjes.
Aanbieding text: Zakje 200 gram, 2 voor 6,00.
Oude Prijs:   .
 Prijs nieuw: 6.00.

Aanbieding: Coca-Cola.
Aanbieding text: 6 x 1,5 LDe korting is al verwerkt in de verkoopprijs van dit artikel. 5+1 gratis, 5+1 gratis.

AANBIEDIGEN VAN POIESZ!
Aanbieding: Alle Marcel's Green Soap, Ecover,Klok reiniging of Vintastic.
Aanbieding text:  1+1 GRATIS .
Oude Prijs:  2.00-29.78.
 Prijs nieuw: 1.00-14.89.

Aanbieding: Alle Marcel's Green Soap, Ecover,Klok reiniging of Vintastic.
Aanbieding text:  1+1 GRATIS .
Oude Prijs:  2.00-29.78.
 Prijs nieuw: 1.00-14.89.

Aanbieding: Alle Marcel's Green Soap, Ecover,Klok reiniging of Vintastic.
Aanbieding text:  1+1 GRATIS .
Oude Prijs:  2.00-29.78.
 Prijs nieuw: 1.00-14.89.

Aanbieding: Alle Marcel's Green Soap, Ecover,Klok reiniging of Vintastic.
Aanbieding text:  1+1 GRATIS .
Oude Prijs:  2.00-29.78.
 Prijs nieuw: 1.00-14.89.

Aanbieding: Bacardi Breezer of Bacardi razz & up, rum & cola of limon & lemonade.
Aanbieding text:  blikje à 250 ml/flesje à 275 ml per STUK .
Oude Prijs:  2.49-2.69.
 Prijs nieuw: 2.00.

Aanbieding: Coca-Cola of Fanta.
Aanbieding text:  tray van 12 blikjes à 330 ml per 12-PACK .
Oude Prijs:  9.59-9.99.
 Prijs nieuw: 8.00.

Aanbieding: Ham-kaas, kaas of chocolade croissant.
Aanbieding text:  1+1 GRATIS .
Oude Prijs:  1.90-2.58.
 Prijs nieuw: 0.95-1.29.

AANBIEDIGEN VAN LIDL!
Aanbieding: Coca-Cola.
Aanbieding text: In de varianten regular en zero Actie 2 liter.
Oude Prijs:   .
 Prijs nieuw: 1.88.

Aanbieding: Coca-Cola.
Aanbieding text: In de varianten regular en zero Actie 2 liter.
Oude Prijs:   .
 Prijs nieuw: 1.88.

Aanbieding: Chocoladebroodje.
Aanbieding text: .
Oude Prijs:   .
 Prijs nieuw: 0.39.

Aanbieding: Coca-Cola, Fanta of Sprite.
Aanbieding text: In verschillende varianten 1,5 l.
Oude Prijs:  2.69.
 Prijs nieuw: 1.69.

AANBIEDIGEN VAN ALDI!
Aanbieding: BISCOTTO Knapperige wafels met chocolade.
Aanbieding text: OP=OP.
Oude Prijs:   .
 Prijs nieuw: 2.19.

Aanbieding: Coca-Cola of Fanta.
Aanbieding text: TOT -25%.
Oude Prijs:  9.99.
 Prijs nieuw: 7.49.

Aanbieding: MOSER ROTH Paaschocolade.
Aanbieding text: OP=OP.
Oude Prijs:   .
 Prijs nieuw: 3.49.

Aanbieding: Chocolade paashaas.
Aanbieding text: -30%.
Oude Prijs:  1.29.
 Prijs nieuw: 0.89.

Aanbieding: BRINKY Chocolade-biscuits.
Aanbieding text: OP=OP.
Oude Prijs:   .
 Prijs nieuw: 1.69.

